../Core/Src/main.c:76:9:decToBcd	16	static
../Core/Src/main.c:80:5:bcdToDec	16	static
../Core/Src/main.c:98:6:Set_Time	48	static
../Core/Src/main.c:112:6:Get_Time	32	static
../Core/Src/main.c:138:5:main	240	static
../Core/Src/main.c:641:6:SystemClock_Config	88	static
../Core/Src/main.c:687:13:MX_ETH_Init	8	static
../Core/Src/main.c:736:13:MX_I2C1_Init	8	static
../Core/Src/main.c:784:13:MX_USART3_UART_Init	8	static
../Core/Src/main.c:817:13:MX_USB_OTG_FS_PCD_Init	8	static
../Core/Src/main.c:852:13:MX_GPIO_Init	56	static
../Core/Src/main.c:906:6:Error_Handler	4	static,ignoring_inline_asm
